// Jest Snapshot v1, https://goo.gl/fbAQLP

exports[`BetAmountInput matches the snapshot 1`] = `
<div
  class="space-y-1"
>
  <label
    class="block text-sm text-gray-400"
  >
    Amount (XLM)
  </label>
  <input
    class="w-full bg-gray-700 text-white rounded-lg px-3 h-11 border border-gray-600 focus:border-amber-400 focus:outline-none disabled:opacity-50 disabled:cursor-not-allowed"
    max="10000"
    min="1"
    placeholder="1–10000 XLM"
    type="number"
    value="50"
  />
  <p
    class="text-xs text-gray-400"
  >
    Est. payout: 
    <span
      class="text-white"
    >
      5.00
       XLM
    </span>
  </p>
</div>
`;
